******************************************************************************
                  TI ARM Linker PC v20.2.7                     
******************************************************************************
>> Linked Mon Sep  2 17:45:49 2024

OUTPUT FILE NAME:   <AUTOSAR_Project.out>
ENTRY POINT SYMBOL: "_c_int00_noargs"  address: 00000e71


MEMORY CONFIGURATION

         name            origin    length      used     unused   attr    fill
----------------------  --------  ---------  --------  --------  ----  --------
  FLASH                 00000000   00040000  00000f32  0003f0ce  R  X
  SRAM                  20000000   00008000  0000021a  00007de6  RW X


SEGMENT ALLOCATION MAP

run origin  load origin   length   init length attrs members
----------  ----------- ---------- ----------- ----- -------
00000000    00000000    00000f34   00000f34    r-x
  00000000    00000000    0000026c   0000026c    r-- .intvecs
  0000026c    0000026c    00000c9a   00000c9a    r-x .text
  00000f06    00000f06    00000010   00000010    r-- .const
  00000f18    00000f18    0000001c   0000001c    r-- .cinit
20000000    20000000    0000021a   00000000    rw-
  20000000    20000000    00000200   00000000    rw- .stack
  20000200    20000200    0000001a   00000000    rw- .data


SECTION ALLOCATION MAP

 output                                  attributes/
section   page    origin      length       input sections
--------  ----  ----------  ----------   ----------------
.intvecs   0    00000000    0000026c     
                  00000000    0000026c     tm4c123gh6pm_startup_ccs.obj (.intvecs)

.text      0    0000026c    00000c9a     
                  0000026c    0000056c     Port.obj (.text)
                  000007d8    0000030c     Dio.obj (.text)
                  00000ae4    000000a8     Os.obj (.text)
                  00000b8c    0000009c     rtsv7M4_T_le_v4SPD16_eabi.lib : memcpy_t2.asm.obj (.text)
                  00000c28    0000007c     Button.obj (.text)
                  00000ca4    0000007c     Gpt.obj (.text)
                  00000d20    00000068     rtsv7M4_T_le_v4SPD16_eabi.lib : copy_decompress_lzss.c.obj (.text:decompress:lzss:__TI_decompress_lzss)
                  00000d88    00000064     App.obj (.text)
                  00000dec    00000044     rtsv7M4_T_le_v4SPD16_eabi.lib : autoinit.c.obj (.text:__TI_auto_init_nobinit_nopinit:__TI_auto_init_nobinit_nopinit)
                  00000e30    00000040     Led.obj (.text)
                  00000e70    00000034     rtsv7M4_T_le_v4SPD16_eabi.lib : boot_cortex_m.c.obj (.text:_c_int00_noargs:_c_int00_noargs)
                  00000ea4    00000020     Mcu.obj (.text)
                  00000ec4    00000016     Det.obj (.text)
                  00000eda    0000000e     rtsv7M4_T_le_v4SPD16_eabi.lib : copy_decompress_none.c.obj (.text:decompress:none:__TI_decompress_none)
                  00000ee8    0000000c     tm4c123gh6pm_startup_ccs.obj (.text)
                  00000ef4    0000000a     main.obj (.text)
                  00000efe    00000004     rtsv7M4_T_le_v4SPD16_eabi.lib : pre_init.c.obj (.text:_system_pre_init)
                  00000f02    00000004                                   : exit.c.obj (.text:abort:abort)

.const     0    00000f06    00000010     
                  00000f06    00000006     Port_PBcfg.obj (.const:BUTTON_PORT_Configuration)
                  00000f0c    00000006     Port_PBcfg.obj (.const:LED_PORT_Configuration)
                  00000f12    00000004     Dio_PBcfg.obj (.const:Dio_Configuration)

.cinit     0    00000f18    0000001c     
                  00000f18    0000000c     (.cinit..data.load) [load image, compression = lzss]
                  00000f24    00000008     (__TI_handler_table)
                  00000f2c    00000008     (__TI_cinit_table)

.init_array 
*          0    00000000    00000000     UNINITIALIZED

.data      0    20000200    0000001a     UNINITIALIZED
                  20000200    00000009     Port.obj (.data)
                  20000209    00000003     Button.obj (.data)
                  2000020c    00000005     Dio.obj (.data)
                  20000211    00000002     App.obj (.data)
                  20000213    00000001     --HOLE--
                  20000214    00000004     Gpt.obj (.data)
                  20000218    00000002     Os.obj (.data)

.stack     0    20000000    00000200     UNINITIALIZED
                  20000000    00000004     rtsv7M4_T_le_v4SPD16_eabi.lib : boot_cortex_m.c.obj (.stack)
                  20000004    000001fc     --HOLE--

__llvm_prf_cnts 
*          0    20000000    00000000     UNINITIALIZED

MODULE SUMMARY

       Module                         code   ro data   rw data
       ------                         ----   -------   -------
    .\
       Port.obj                       1388   0         9      
       Dio.obj                        780    0         5      
       tm4c123gh6pm_startup_ccs.obj   12     620       0      
       Os.obj                         168    0         2      
       Gpt.obj                        124    0         4      
       Button.obj                     124    0         3      
       App.obj                        100    0         2      
       Led.obj                        64     0         0      
       Mcu.obj                        32     0         0      
       Det.obj                        22     0         0      
       Port_PBcfg.obj                 0      12        0      
       main.obj                       10     0         0      
       Dio_PBcfg.obj                  0      4         0      
    +--+------------------------------+------+---------+---------+
       Total:                         2824   636       25     
                                                              
    D:\EMBEDDED ADVANCED DIPLOMA\ccs\tools\compiler\ti-cgt-arm_20.2.7.LTS\lib\rtsv7M4_T_le_v4SPD16_eabi.lib
       memcpy_t2.asm.obj              156    0         0      
       copy_decompress_lzss.c.obj     104    0         0      
       autoinit.c.obj                 68     0         0      
       boot_cortex_m.c.obj            52     0         0      
       copy_decompress_none.c.obj     14     0         0      
       exit.c.obj                     4      0         0      
       pre_init.c.obj                 4      0         0      
    +--+------------------------------+------+---------+---------+
       Total:                         402    0         0      
                                                              
       Stack:                         0      0         512    
       Linker Generated:              0      28        0      
    +--+------------------------------+------+---------+---------+
       Grand Total:                   3226   664       537    


LINKER GENERATED COPY TABLES

__TI_cinit_table @ 00000f2c records: 1, size/record: 8, table size: 8
	.data: load addr=00000f18, load size=0000000c bytes, run addr=20000200, run size=0000001a bytes, compression=lzss


LINKER GENERATED HANDLER TABLE

__TI_handler_table @ 00000f24 records: 2, size/record: 4, table size: 8
	index: 0, handler: __TI_decompress_lzss
	index: 1, handler: __TI_decompress_none


GLOBAL SYMBOLS: SORTED ALPHABETICALLY BY Name 

address   name                          
-------   ----                          
00000db3  App_Task                      
00000f06  BUTTON_PORT_Configuration     
00000c2b  Button_GetState               
00000c29  Button_Init                   
00000c31  Button_RefreshState           
00000da3  Button_Task                   
00000f03  C$$EXIT                       
00000ec5  Det_ReportError               
00000f12  Dio_Configuration             
000009b7  Dio_FlipChannel               
000007d9  Dio_Init                      
000008dd  Dio_ReadChannel               
000007fd  Dio_WriteChannel              
00000d89  Init_Task                     
00000f0c  LED_PORT_Configuration        
00000e31  Led_Init                      
00000e4b  Led_RefreshOutput             
00000e3f  Led_SetOff                    
00000e33  Led_SetOn                     
00000dab  Led_Task                      
00000e63  Led_Toggle                    
00000ea5  Mcu_Init                      
00000aff  Os_NewTimerTick               
00000b0f  Os_Scheduler                  
00000ae5  Os_start                      
00000549  Port_GetVersionInfo           
0000026d  Port_Init                     
00000515  Port_RefreshPortDirection     
000003f3  Port_SetPinDirection          
000005a1  Port_SetPinMode               
00000ee9  ResetISR                      
00000ca5  SysTick_Handler               
00000cfd  SysTick_SetCallBack           
00000cb5  SysTick_Start                 
00000cf5  SysTick_Stop                  
20000200  __STACK_END                   
00000200  __STACK_SIZE                  
20000200  __STACK_TOP                   
00000f2c  __TI_CINIT_Base               
00000f34  __TI_CINIT_Limit              
00000f24  __TI_Handler_Table_Base       
00000f2c  __TI_Handler_Table_Limit      
00000ded  __TI_auto_init_nobinit_nopinit
00000d21  __TI_decompress_lzss          
00000edb  __TI_decompress_none          
ffffffff  __TI_pprof_out_hndl           
ffffffff  __TI_prof_data_size           
ffffffff  __TI_prof_data_start          
00000000  __TI_static_base__            
00000b8d  __aeabi_memcpy                
00000b8d  __aeabi_memcpy4               
00000b8d  __aeabi_memcpy8               
ffffffff  __binit__                     
ffffffff  __c_args__                    
UNDEFED   __mpu_init                    
20000000  __stack                       
20000000  __start___llvm_prf_cnts       
20000000  __stop___llvm_prf_cnts        
00000e71  _c_int00_noargs               
UNDEFED   _system_post_cinit            
00000eff  _system_pre_init              
00000f03  abort                         
ffffffff  binit                         
00000000  g_pfnVectors                  
00000ef5  main                          
00000b8d  memcpy                        


GLOBAL SYMBOLS: SORTED BY Symbol Address 

address   name                          
-------   ----                          
00000000  __TI_static_base__            
00000000  g_pfnVectors                  
00000200  __STACK_SIZE                  
0000026d  Port_Init                     
000003f3  Port_SetPinDirection          
00000515  Port_RefreshPortDirection     
00000549  Port_GetVersionInfo           
000005a1  Port_SetPinMode               
000007d9  Dio_Init                      
000007fd  Dio_WriteChannel              
000008dd  Dio_ReadChannel               
000009b7  Dio_FlipChannel               
00000ae5  Os_start                      
00000aff  Os_NewTimerTick               
00000b0f  Os_Scheduler                  
00000b8d  __aeabi_memcpy                
00000b8d  __aeabi_memcpy4               
00000b8d  __aeabi_memcpy8               
00000b8d  memcpy                        
00000c29  Button_Init                   
00000c2b  Button_GetState               
00000c31  Button_RefreshState           
00000ca5  SysTick_Handler               
00000cb5  SysTick_Start                 
00000cf5  SysTick_Stop                  
00000cfd  SysTick_SetCallBack           
00000d21  __TI_decompress_lzss          
00000d89  Init_Task                     
00000da3  Button_Task                   
00000dab  Led_Task                      
00000db3  App_Task                      
00000ded  __TI_auto_init_nobinit_nopinit
00000e31  Led_Init                      
00000e33  Led_SetOn                     
00000e3f  Led_SetOff                    
00000e4b  Led_RefreshOutput             
00000e63  Led_Toggle                    
00000e71  _c_int00_noargs               
00000ea5  Mcu_Init                      
00000ec5  Det_ReportError               
00000edb  __TI_decompress_none          
00000ee9  ResetISR                      
00000ef5  main                          
00000eff  _system_pre_init              
00000f03  C$$EXIT                       
00000f03  abort                         
00000f06  BUTTON_PORT_Configuration     
00000f0c  LED_PORT_Configuration        
00000f12  Dio_Configuration             
00000f24  __TI_Handler_Table_Base       
00000f2c  __TI_CINIT_Base               
00000f2c  __TI_Handler_Table_Limit      
00000f34  __TI_CINIT_Limit              
20000000  __stack                       
20000000  __start___llvm_prf_cnts       
20000000  __stop___llvm_prf_cnts        
20000200  __STACK_END                   
20000200  __STACK_TOP                   
ffffffff  __TI_pprof_out_hndl           
ffffffff  __TI_prof_data_size           
ffffffff  __TI_prof_data_start          
ffffffff  __binit__                     
ffffffff  __c_args__                    
ffffffff  binit                         
UNDEFED   __mpu_init                    
UNDEFED   _system_post_cinit            

[66 symbols]
